
Running 1 test using 1 worker

✅ Ready to create property
✅ Modal opened
✅ Title filled
✅ Type: using default (apartment)
✅ Category: using default (sale)
✅ Price filled: 350000
✅ Area filled: 150
✅ Rooms filled: 5
✅ Bedrooms filled: 3
✅ Bathrooms filled: 2
✅ Address filled
✅ City filled
🖱️  Clicked submit button
❌ Browser console error: Failed to load resource: the server responded with a status of 400 (Bad Request)
❌ Browser console error: Error submitting property: AxiosError
❌ Browser console error: Error submitting property: AxiosError
  ✘  1 [chromium] › tests\create-property-complete.spec.ts:7:9 › Property Creation via Modal › should successfully create a property with all required fields (14.7s)


  1) [chromium] › tests\create-property-complete.spec.ts:7:9 › Property Creation via Modal › should successfully create a property with all required fields 

    Error: [2mexpect([22m[31mlocator[39m[2m).not.[22mtoBeVisible[2m([22m[2m)[22m failed

    Locator:  locator('[role="dialog"]')
    Expected: not visible
    Received: visible
    Timeout:  10000ms

    Call log:
    [2m  - Expect "not toBeVisible" with timeout 10000ms[22m
    [2m  - waiting for locator('[role="dialog"]')[22m
    [2m    13 × locator resolved to <div role="dialog" tabindex="-1" id="radix-:rp:" data-state="open" aria-labelledby="radix-:rq:" aria-describedby="radix-:rr:" class="fixed left-[50%] top-[50%] z-50 grid w-full max-w-lg translate-x-[-50%] translate-y-[-50%] gap-4 border bg-background p-6 shadow-lg duration-200 data-[state=open]:animate-in data-[state=closed]:animate-out data-[state=closed]:fade-out-0 data-[state=open]:fade-in-0 data-[state=closed]:zoom-out-95 data-[state=open]:zoom-in-95 data-[state=closed]:slide-out-to-left-1/2 da…>…</div>[22m
    [2m       - unexpected value "visible"[22m


      82 |
      83 |         // Wait for modal to close (indicates success)
    > 84 |         await expect(modal).not.toBeVisible({ timeout: 10000 });
         |                                 ^
      85 |         console.log('✅ Modal closed after submission');
      86 |
      87 |         // Wait for the properties list to refresh
        at C:\Users\DELL\Desktop\project dev\CRM_IMMOBILIER_COMPLET_FINAL\.git\crm-immobilier\frontend\tests\create-property-complete.spec.ts:84:33

    Error Context: test-results\create-property-complete-P-a39c0-ty-with-all-required-fields-chromium\error-context.md

  1 failed
    [chromium] › tests\create-property-complete.spec.ts:7:9 › Property Creation via Modal › should successfully create a property with all required fields 
