Error: Playwright Test did not expect test.describe() to be called here.
Most common reasons include:
- You are calling test.describe() in a configuration file.
- You are calling test.describe() in a file that is imported by the configuration file.
- You have two different versions of @playwright/test. This usually happens
  when one of the dependencies in your package.json depends on @playwright/test.

   at frontend\tests\delete-property-test.spec.ts:3

  1 | import { test, expect } from '@playwright/test';
  2 |
> 3 | test.describe('Delete Property E2E Test', () => {
    |      ^
  4 |     test.beforeEach(async ({ page }) => {
  5 |         console.log('=== Starting test setup ===');
  6 |
    at TestTypeImpl._currentSuite (C:\Users\DELL\Desktop\project dev\CRM_IMMOBILIER_COMPLET_FINAL\.git\crm-immobilier\frontend\node_modules\playwright\lib\common\testType.js:74:13)
    at TestTypeImpl._describe (C:\Users\DELL\Desktop\project dev\CRM_IMMOBILIER_COMPLET_FINAL\.git\crm-immobilier\frontend\node_modules\playwright\lib\common\testType.js:114:24)
    at Function.describe (C:\Users\DELL\Desktop\project dev\CRM_IMMOBILIER_COMPLET_FINAL\.git\crm-immobilier\frontend\node_modules\playwright\lib\transform\transform.js:275:12)
    at Object.<anonymous> (C:\Users\DELL\Desktop\project dev\CRM_IMMOBILIER_COMPLET_FINAL\.git\crm-immobilier\frontend\tests\delete-property-test.spec.ts:3:6)
Error: No tests found.
Make sure that arguments are regular expressions matching test files.
You may need to escape symbols like "$" or "*" and quote the arguments.

