node.exe : [96msrc/modules/prospecting-ai/prospecting-ai.controller.ts[0m:[9
3m179[0m:[93m25[0m - [91merror[0m[90m TS2339: [0mProperty 
'resultsCache' does not exist on type 'ProspectingAiController'.
Au caractère Ligne:1 : 1
+ & "C:\Program Files\nodejs/node.exe" "C:\Program Files\nodejs/node_mo ...
+ ~~~~~~~~~~~~~~~~~~~~~~~~~~~~~~~~~~~~~~~~~~~~~~~~~~~~~~~~~~~~~~~~~~~~~
    + CategoryInfo          : NotSpecified: ([96msrc/module...gAiController'. 
   :String) [], RemoteException
    + FullyQualifiedErrorId : NativeCommandError
 

[7m179[0m     const result = this.resultsCache.get(id);
[7m   [0m [91m                        ~~~~~~~~~~~~[0m

Found 1 error(s).

